{"level":"error","message":"Token validation failed:","service":"campusworks-chat","timestamp":"2025-09-06 21:02:35"}
{"error":"Invalid or expired token","level":"error","message":"Socket authentication failed","service":"campusworks-chat","socketId":"nXiS-qYRN9rgTGEKAAAB","stack":"Error: Invalid or expired token\n    at AuthService.validateToken (C:\\Users\\ManishReddy\\OneDrive\\Desktop\\Campus_ works_Records\\campusworks-chat-service\\src\\services\\authService.js:56:13)\n    at process.processTicksAndRejections (node:internal/process/task_queues:105:5)\n    at async Array.authenticateSocket (C:\\Users\\ManishReddy\\OneDrive\\Desktop\\Campus_ works_Records\\campusworks-chat-service\\src\\middleware\\auth.js:63:18)","timestamp":"2025-09-06 21:02:35"}
{"level":"error","message":"Token validation failed:","service":"campusworks-chat","timestamp":"2025-09-06 21:02:40"}
{"error":"Invalid or expired token","level":"error","message":"Socket authentication failed","service":"campusworks-chat","socketId":"1_be4xJtEMZ_EKQEAAAD","stack":"Error: Invalid or expired token\n    at AuthService.validateToken (C:\\Users\\ManishReddy\\OneDrive\\Desktop\\Campus_ works_Records\\campusworks-chat-service\\src\\services\\authService.js:56:13)\n    at process.processTicksAndRejections (node:internal/process/task_queues:105:5)\n    at async Array.authenticateSocket (C:\\Users\\ManishReddy\\OneDrive\\Desktop\\Campus_ works_Records\\campusworks-chat-service\\src\\middleware\\auth.js:63:18)","timestamp":"2025-09-06 21:02:40"}
{"level":"error","message":"Token validation failed:","service":"campusworks-chat","timestamp":"2025-09-06 21:05:59"}
{"error":"Invalid or expired token","level":"error","message":"Socket authentication failed","service":"campusworks-chat","socketId":"leRxSR7cd7wrTqVDAAAF","stack":"Error: Invalid or expired token\n    at AuthService.validateToken (C:\\Users\\ManishReddy\\OneDrive\\Desktop\\Campus_ works_Records\\campusworks-chat-service\\src\\services\\authService.js:56:13)\n    at process.processTicksAndRejections (node:internal/process/task_queues:105:5)\n    at async Array.authenticateSocket (C:\\Users\\ManishReddy\\OneDrive\\Desktop\\Campus_ works_Records\\campusworks-chat-service\\src\\middleware\\auth.js:63:18)","timestamp":"2025-09-06 21:05:59"}
{"level":"error","message":"Failed to get task:","service":"campusworks-chat","timestamp":"2025-09-06 21:22:49"}
{"level":"error","message":"Failed to validate task access:","service":"campusworks-chat","timestamp":"2025-09-06 21:22:49"}
{"level":"error","message":"Failed to get task:","service":"campusworks-chat","timestamp":"2025-09-06 21:22:49"}
{"level":"error","message":"Failed to validate task access:","service":"campusworks-chat","timestamp":"2025-09-06 21:22:49"}
{"level":"error","message":"Failed to get task:","service":"campusworks-chat","timestamp":"2025-09-06 21:23:44"}
{"level":"error","message":"Failed to validate task access:","service":"campusworks-chat","timestamp":"2025-09-06 21:23:44"}
{"level":"error","message":"Failed to get task:","service":"campusworks-chat","timestamp":"2025-09-06 21:23:44"}
{"level":"error","message":"Failed to validate task access:","service":"campusworks-chat","timestamp":"2025-09-06 21:23:44"}
{"level":"error","message":"Failed to get task:","service":"campusworks-chat","timestamp":"2025-09-06 21:24:57"}
{"level":"error","message":"Failed to validate task access:","service":"campusworks-chat","timestamp":"2025-09-06 21:24:57"}
{"level":"error","message":"Failed to get task:","service":"campusworks-chat","timestamp":"2025-09-06 21:24:57"}
{"level":"error","message":"Failed to validate task access:","service":"campusworks-chat","timestamp":"2025-09-06 21:24:57"}
{"level":"error","message":"Failed to get task:","service":"campusworks-chat","timestamp":"2025-09-06 21:26:13"}
{"level":"error","message":"Failed to validate task access:","service":"campusworks-chat","timestamp":"2025-09-06 21:26:13"}
{"level":"error","message":"Failed to get task:","service":"campusworks-chat","timestamp":"2025-09-06 21:26:13"}
{"level":"error","message":"Failed to validate task access:","service":"campusworks-chat","timestamp":"2025-09-06 21:26:13"}
{"data":"","error":"Request failed with status code 401","level":"error","message":"Failed to get task:","service":"campusworks-chat","status":401,"taskId":6,"timestamp":"2025-09-06 21:36:21"}
{"error":"Task not found","level":"error","message":"Task validation failed","service":"campusworks-chat","taskId":6,"timestamp":"2025-09-06 21:36:21","userId":"3"}
{"data":"","error":"Request failed with status code 401","level":"error","message":"Failed to get task:","service":"campusworks-chat","status":401,"taskId":6,"timestamp":"2025-09-06 21:36:21"}
{"error":"Task not found","level":"error","message":"Task validation failed","service":"campusworks-chat","taskId":6,"timestamp":"2025-09-06 21:36:21","userId":"3"}
{"data":{"taskId":6},"error":"E11000 duplicate key error collection: campusworks_chat.chatrooms index: taskId_1 dup key: { taskId: 6 }","level":"error","message":"Join task room error","service":"campusworks-chat","stack":"MongoServerError: E11000 duplicate key error collection: campusworks_chat.chatrooms index: taskId_1 dup key: { taskId: 6 }\n    at InsertOneOperation.execute (C:\\Users\\ManishReddy\\OneDrive\\Desktop\\Campus_ works_Records\\campusworks-chat-service\\node_modules\\mongodb\\lib\\operations\\insert.js:51:19)\n    at process.processTicksAndRejections (node:internal/process/task_queues:105:5)\n    at async tryOperation (C:\\Users\\ManishReddy\\OneDrive\\Desktop\\Campus_ works_Records\\campusworks-chat-service\\node_modules\\mongodb\\lib\\operations\\execute_operation.js:207:20)\n    at async executeOperation (C:\\Users\\ManishReddy\\OneDrive\\Desktop\\Campus_ works_Records\\campusworks-chat-service\\node_modules\\mongodb\\lib\\operations\\execute_operation.js:75:16)\n    at async Collection.insertOne (C:\\Users\\ManishReddy\\OneDrive\\Desktop\\Campus_ works_Records\\campusworks-chat-service\\node_modules\\mongodb\\lib\\collection.js:157:16)","timestamp":"2025-09-06 21:36:21","userId":"3"}
{"data":"","error":"Request failed with status code 401","level":"error","message":"Failed to get task:","service":"campusworks-chat","status":401,"taskId":6,"timestamp":"2025-09-06 21:36:21"}
{"error":"Task not found","level":"error","message":"Task validation failed","service":"campusworks-chat","taskId":6,"timestamp":"2025-09-06 21:36:21","userId":"3"}
{"data":"","error":"Request failed with status code 401","level":"error","message":"Failed to get task:","service":"campusworks-chat","status":401,"taskId":6,"timestamp":"2025-09-06 21:39:18"}
{"error":"Task not found","level":"error","message":"Task validation failed","service":"campusworks-chat","taskId":6,"timestamp":"2025-09-06 21:39:18","userId":"3"}
{"error":"listen EADDRINUSE: address already in use :::3001","level":"error","message":"Uncaught Exception","service":"campusworks-chat","stack":"Error: listen EADDRINUSE: address already in use :::3001\n    at Server.setupListenHandle [as _listen2] (node:net:1937:16)\n    at listenInCluster (node:net:1994:12)\n    at Server.listen (node:net:2099:7)\n    at ChatServer.start (C:\\Users\\ManishReddy\\OneDrive\\Desktop\\Campus_ works_Records\\campusworks-chat-service\\src\\server.js:242:19)\n    at process.processTicksAndRejections (node:internal/process/task_queues:105:5)","timestamp":"2025-09-07 19:29:33"}
